----=======[Linear Algebra Library Test Suite]=======----
|  prefix symbols:					|
|	!! = test failure				|
|	DR = double rounding: values differ by < 1e-15	|
---------------------------------------------------------

Vector2 Tests:
   SUCCESS: 0 == 0
   SUCCESS: 0 == 0
   SUCCESS: 1 == 1
   SUCCESS: 2 == 2
   SUCCESS: 1 == 1
   SUCCESS: 0 == 0
   SUCCESS: < 3, 4 > == < 3, 4 >
   SUCCESS: < 2, 1 > == < 2, 1 >
   SUCCESS: < 1, 2 > == < 1, 2 >
   SUCCESS: < 1.5, 2.5 > == < 1.5, 2.5 >
   SUCCESS: < 2, 4 > == < 2, 4 >
   SUCCESS: < 10, -10 > == < 10, -10 >
   SUCCESS: < 0, 0 > == < 0, 0 >
   SUCCESS: 0 == 0
   SUCCESS: 6.40312 == 6.40312
   SUCCESS: 100.045 == 100.045
   SUCCESS: 1 == 1
   SUCCESS: 1 == 1
   SUCCESS: < -666, 777 > == < -666, 777 >
   SUCCESS: 23 == 23
   SUCCESS: 23 == 23
   SUCCESS: 0.321751 == 0.321751
   SUCCESS: 1 == 1
   SUCCESS: 0 == 0
[END Vector2 Tests-------------------------------------]

Vector3 Tests:
   SUCCESS: 0 == 0
   SUCCESS: 0 == 0
   SUCCESS: 0 == 0
   SUCCESS: -1 == -1
   SUCCESS: 2 == 2
   SUCCESS: -3 == -3
   SUCCESS: 1 == 1
   SUCCESS: 0 == 0
   SUCCESS: < 6, 6, 6 > == < 6, 6, 6 >
   SUCCESS: < 2, 2, 2 > == < 2, 2, 2 >
   SUCCESS: < 7, 7, 7 > == < 7, 7, 7 >
   SUCCESS: < 2, 4, 6 > == < 2, 4, 6 >
   SUCCESS: < 3, 3, 3 > == < 3, 3, 3 >
   SUCCESS: < 10, -10, 20 > == < 10, -10, 20 >
   SUCCESS: < 5, 5, 5 > == < 5, 5, 5 >
   SUCCESS: 0 == 0
   SUCCESS: 3.4641 == 3.4641
   SUCCESS: 56.3028 == 56.3028
   SUCCESS: 1 == 1
DR|SUCCESS: 1 == 1
   SUCCESS: < -5, 0, 10 > == < -5, 0, 10 >
   SUCCESS: 10 == 10
   SUCCESS: 10 == 10
DR|SUCCESS: 1.07991 == 1.07991
   SUCCESS: 1 == 1
   SUCCESS: 0 == 0
   SUCCESS: < -2, 4, -2 > == < -2, 4, -2 >
   SUCCESS: < 2, -4, 2 > == < 2, -4, 2 >
   SUCCESS: 0 == 0
   SUCCESS: 1 == 1
[END Vector3 Tests-------------------------------------]

Matrix3x3 Tests:
   SUCCESS: 0 == 0
   SUCCESS: 0 == 0
   SUCCESS: 0 == 0
   SUCCESS: 0 == 0
   SUCCESS: 0 == 0
   SUCCESS: 0 == 0
   SUCCESS: 0 == 0
   SUCCESS: 0 == 0
   SUCCESS: 0 == 0
   SUCCESS: < 0, 0, 0 > == < 0, 0, 0 >
   SUCCESS: < 0, 0, 0 > == < 0, 0, 0 >
   SUCCESS: < 0, 0, 0 > == < 0, 0, 0 >
   SUCCESS: < -1, -2, -3 > == < -1, -2, -3 >
   SUCCESS: < -4, -5, -6 > == < -4, -5, -6 >
   SUCCESS: < -7, -8, -9 > == < -7, -8, -9 >
   SUCCESS: < 1, 2, 3 > == < 1, 2, 3 >
   SUCCESS: < 4, 5, 6 > == < 4, 5, 6 >
   SUCCESS: < 7, 8, 9 > == < 7, 8, 9 >
   SUCCESS: [[0, 1, 2],[3, 4, 5],[6, 7, 8]] == [[0, 1, 2],[3, 4, 5],[6, 7, 8]]
   SUCCESS: 1 == 1
   SUCCESS: 0 == 0
   SUCCESS: 1 == 1
   SUCCESS: [[6, 6, 6],[6, 6, 6],[6, 6, 6]] == [[6, 6, 6],[6, 6, 6],[6, 6, 6]]
   SUCCESS: [[-4, -3, -2],[-1, 0, 1],[2, 3, 4]] == [[-4, -3, -2],[-1, 0, 1],[2, 3, 4]]
   SUCCESS: [[42, 36, 30],[96, 81, 66],[150, 126, 102]] == [[42, 36, 30],[96, 81, 66],[150, 126, 102]]
   SUCCESS: [[18, 24, 30],[54, 69, 84],[90, 114, 138]] == [[18, 24, 30],[54, 69, 84],[90, 114, 138]]
   SUCCESS: [[-0, -1, -1],[-2, -3, -5],[-8, -13, -21]] == [[0, -1, -1],[-2, -3, -5],[-8, -13, -21]]
   SUCCESS: [[2, 4, 6],[8, 10, 12],[14, 16, 18]] == [[2, 4, 6],[8, 10, 12],[14, 16, 18]]
   SUCCESS: [[2, 4, 6],[8, 10, 12],[14, 16, 18]] == [[2, 4, 6],[8, 10, 12],[14, 16, 18]]
   SUCCESS: [[1, 4, 7],[2, 5, 8],[3, 6, 9]] == [[1, 4, 7],[2, 5, 8],[3, 6, 9]]
   SUCCESS: [[4, 5, 6],[1, 2, 3],[7, 8, 9]] == [[4, 5, 6],[1, 2, 3],[7, 8, 9]]
   SUCCESS: [[4, 5, 6],[1, 2, 3],[7, 8, 9]] == [[4, 5, 6],[1, 2, 3],[7, 8, 9]]
   SUCCESS: [[7, 8, 9],[4, 5, 6],[1, 2, 3]] == [[7, 8, 9],[4, 5, 6],[1, 2, 3]]
   SUCCESS: [[7, 8, 9],[4, 5, 6],[1, 2, 3]] == [[7, 8, 9],[4, 5, 6],[1, 2, 3]]
   SUCCESS: [[1, 2, 3],[7, 8, 9],[4, 5, 6]] == [[1, 2, 3],[7, 8, 9],[4, 5, 6]]
   SUCCESS: [[1, 2, 3],[7, 8, 9],[4, 5, 6]] == [[1, 2, 3],[7, 8, 9],[4, 5, 6]]
   SUCCESS: [[0.5, 1, 1.5],[4, 5, 6],[7, 8, 9]] == [[0.5, 1, 1.5],[4, 5, 6],[7, 8, 9]]
   SUCCESS: [[1, 2, 3],[2, 2.5, 3],[7, 8, 9]] == [[1, 2, 3],[2, 2.5, 3],[7, 8, 9]]
   SUCCESS: [[1, 2, 3],[4, 5, 6],[3.5, 4, 4.5]] == [[1, 2, 3],[4, 5, 6],[3.5, 4, 4.5]]
[END Matrix3x3 Tests-----------------------------------]

All [93] tests successful!
